******************************************************************************
             TMS320C2000 Linker PC v6.2.11                     
******************************************************************************
>> Linked Sat Mar 14 20:00:40 2015

OUTPUT FILE NAME:   <myProject19.out>
ENTRY POINT SYMBOL: "_c_int00"  address: 003f2117


MEMORY CONFIGURATION

         name            origin    length      used     unused   attr    fill
----------------------  --------  ---------  --------  --------  ----  --------
PAGE 0:
  PRAML0                00008000   00000800  00000000  00000800  RWIX
  OTP                   003d7800   00000400  00000000  00000400  RWIX
  FLASHD                003f0000   00002000  00000000  00002000  RWIX
  FLASHC                003f2000   00002000  000002a7  00001d59  RWIX
  FLASHA                003f6000   00001f80  00001f7f  00000001  RWIX
  CSM_RSVD              003f7f80   00000076  00000000  00000076  RWIX
  BEGIN                 003f7ff6   00000002  00000002  00000000  RWIX
  CSM_PWL_P0            003f7ff8   00000008  00000000  00000008  RWIX
  IQTABLES              003fe000   00000b50  00000b50  00000000  RWIX
  IQTABLES2             003feb50   0000008c  00000000  0000008c  RWIX
  IQTABLES3             003febdc   000000aa  00000000  000000aa  RWIX
  ROM                   003ff27c   00000d44  00000000  00000d44  RWIX
  RESET                 003fffc0   00000002  00000000  00000002  RWIX
  VECTORS               003fffc2   0000003e  00000000  0000003e  RWIX

PAGE 1:
  BOOT_RSVD             00000000   00000050  00000000  00000050  RWIX
  RAMM0                 00000050   000003b0  00000300  000000b0  RWIX
  RAMM1                 00000400   00000400  00000000  00000400  RWIX
  DRAML0                00008800   00000800  0000034d  000004b3  RWIX
  FLASHB                003f4000   00002000  00000000  00002000  RWIX


SECTION ALLOCATION MAP

 output                                  attributes/
section   page    origin      length       input sections
--------  ----  ----------  ----------   ----------------
.pinit     0    003f6000    00000000     UNINITIALIZED

ramfuncs   0    00008000    00000000     UNINITIALIZED

.text.1    0    003f2000    0000020a     
                  003f2000    00000080     isr.obj (.text)
                  003f2080    0000004d     cpu.obj (.text)
                  003f20cd    0000004a     myTimer.obj (.text)
                  003f2117    00000044     rts2800_ml.lib : boot.obj (.text)
                  003f215b    00000026     main.obj (.text)
                  003f2181    0000001f     rts2800_ml.lib : fd_tol.obj (.text)
                  003f21a0    00000019                    : args_main.obj (.text)
                  003f21b9    00000019                    : exit.obj (.text)
                  003f21d2    00000017                    : u_tofd.obj (.text)
                  003f21e9    0000000b                    : u_div.obj (.text)
                  003f21f4    00000009                    : _lock.obj (.text)
                  003f21fd    00000008     F2802x_CodeStartBranch.obj (.text)
                  003f2205    00000005     pie.obj (.text:retain)

.cinit     0    003f220a    0000009d     
                  003f220a    00000083     Oled.obj (.cinit)
                  003f228d    0000000a     rts2800_ml.lib : _lock.obj (.cinit)
                  003f2297    0000000a                    : exit.obj (.cinit)
                  003f22a1    00000004     sci_io.obj (.cinit)
                  003f22a5    00000002     --HOLE-- [fill = 0]

.econst    0    003f6000    000002d4     
                  003f6000    00000260     Oled.obj (.econst:.string:_show_8x16)
                  003f6260    00000058     Oled.obj (.econst:.string:_show_8x8)
                  003f62b8    00000017     app.obj (.econst:.string)
                  003f62cf    00000001     --HOLE-- [fill = 0]
                  003f62d0    00000004     app.obj (.econst)

IQmath     0    003f62d4    00000060     
                  003f62d4    00000031     IQmath.lib : IQ20sin.obj (IQmath)
                  003f6305    0000002f                : IQ20cos.obj (IQmath)

.text.2    0    003f6334    00001c4b     
                  003f6334    000005e4     pwm.obj (.text)
                  003f6918    00000384     Oled.obj (.text)
                  003f6c9c    0000025e     sci.obj (.text)
                  003f6efa    0000024f     clk.obj (.text)
                  003f7149    00000209     app.obj (.text)
                  003f7352    00000208     adc.obj (.text)
                  003f755a    000001ff     gpio.obj (.text)
                  003f7759    000001ea     pie.obj (.text)
                  003f7943    00000125     isr.obj (.text:retain)
                  003f7a68    000000eb     pll.obj (.text)
                  003f7b53    000000da     cap.obj (.text)
                  003f7c2d    000000d1     mySci.obj (.text)
                  003f7cfe    000000a3     timer.obj (.text)
                  003f7da1    0000009f     User_System.obj (.text)
                  003f7e40    00000099     wdog.obj (.text)
                  003f7ed9    00000083     rts2800_ml.lib : fd_mpy.obj (.text)
                  003f7f5c    00000023     LED_Gpio.obj (.text)

codestart 
*          0    003f7ff6    00000002     
                  003f7ff6    00000002     F2802x_CodeStartBranch.obj (codestart)

IQmathTables 
*          0    003fe000    00000b50     NOLOAD SECTION
                  003fe000    00000b50     IQmath.lib : IQmathTables.obj (IQmathTables)

.reset     0    003fffc0    00000002     DSECT
                  003fffc0    00000002     rts2800_ml.lib : boot.obj (.reset)

vectors    0    003fffc2    00000000     DSECT

.stack     1    00000050    00000300     UNINITIALIZED
                  00000050    00000300     --HOLE--

.ebss      1    00008800    0000034d     UNINITIALIZED
                  00008800    000002c0     main.obj (.ebss)
                  00008ac0    00000080     Oled.obj (.ebss)
                  00008b40    00000004     rts2800_ml.lib : _lock.obj (.ebss)
                  00008b44    00000004                    : exit.obj (.ebss)
                  00008b48    00000004     sci_io.obj (.ebss)
                  00008b4c    00000001     cpu.obj (.ebss)


GLOBAL DATA SYMBOLS: SORTED BY DATA PAGE

address     data page           name
--------    ----------------    ----
00000050       1 (00000040)     __stack

00008800     220 (00008800)     _myCmpA
00008801     220 (00008800)     _Temp
00008802     220 (00008800)     _HalfSecond
00008803     220 (00008800)     _Minute
00008804     220 (00008800)     _Second
00008805     220 (00008800)     _SciSentOk
00008806     220 (00008800)     _SciReceivedOk
00008807     220 (00008800)     _SciReceivePoint
00008808     220 (00008800)     _TempC
00008809     220 (00008800)     _SciSendPoint
0000880a     220 (00008800)     _Hour
0000880c     220 (00008800)     _myPie
0000880e     220 (00008800)     _myGpio
00008810     220 (00008800)     _myWDog
00008812     220 (00008800)     _myCpu
00008814     220 (00008800)     _myPll
00008816     220 (00008800)     _myClk
00008818     220 (00008800)     _myCap
0000881a     220 (00008800)     _myAdc
0000881c     220 (00008800)     _myPwm2
0000881e     220 (00008800)     _myPwm1
00008820     220 (00008800)     _mySci
00008822     220 (00008800)     _myTimer0

00008840     221 (00008840)     _SciSendBuf

00008880     222 (00008880)     _SciReceiveBuf

000088c0     223 (000088c0)     _Image

00008ac0     22b (00008ac0)     _show_16x16

00008b40     22d (00008b40)     __unlock
00008b42     22d (00008b40)     __lock
00008b44     22d (00008b40)     ___TI_cleanup_ptr
00008b46     22d (00008b40)     ___TI_dtors_ptr
00008b48     22d (00008b40)     _deviceOpen
00008b4a     22d (00008b40)     _ioSci
00008b4c     22d (00008b40)     _cpu

003f6000    fd80 (003f6000)     _show_8x16

003f6260    fd89 (003f6240)     _show_8x8

003f62d4    fd8b (003f62c0)     __IQ20sin

003f6305    fd8c (003f6300)     __IQ20cos

003fe000    ff80 (003fe000)     _IQsinTable

003fe100    ff84 (003fe100)     _IQcosTable

003fe400    ff90 (003fe400)     _IQsinTableEnd

003fe502    ff94 (003fe500)     _IQcosTableEnd
003fe502    ff94 (003fe500)     _IQdivRoundSatTable
003fe510    ff94 (003fe500)     _IQdivTable

003fe712    ff9c (003fe700)     _IQdivTableEnd
003fe712    ff9c (003fe700)     _IQisqrtRoundSatTable
003fe712    ff9c (003fe700)     _IQsqrtRoundSatTable
003fe722    ff9c (003fe700)     _IQisqrtTable
003fe722    ff9c (003fe700)     _IQsqrtTable

003fe824    ffa0 (003fe800)     _IQatan2HalfPITable
003fe824    ffa0 (003fe800)     _IQisqrtTableEnd
003fe824    ffa0 (003fe800)     _IQsqrtTableEnd

003fe862    ffa1 (003fe840)     _IQatan2Table

003fe9e8    ffa7 (003fe9c0)     _IQ30mpyRndSatTable
003fe9e8    ffa7 (003fe9c0)     _IQatan2TableEnd
003fe9e8    ffa7 (003fe9c0)     _IQmpyRndSatTable
003fe9f4    ffa7 (003fe9c0)     _IQ29mpyRndSatTable

003fea00    ffa8 (003fea00)     _IQ28mpyRndSatTable
003fea0c    ffa8 (003fea00)     _IQ27mpyRndSatTable
003fea18    ffa8 (003fea00)     _IQ26mpyRndSatTable
003fea24    ffa8 (003fea00)     _IQ25mpyRndSatTable
003fea30    ffa8 (003fea00)     _IQ24mpyRndSatTable
003fea3c    ffa8 (003fea00)     _IQ23mpyRndSatTable

003fea48    ffa9 (003fea40)     _IQ22mpyRndSatTable
003fea54    ffa9 (003fea40)     _IQ21mpyRndSatTable
003fea60    ffa9 (003fea40)     _IQ20mpyRndSatTable
003fea6c    ffa9 (003fea40)     _IQ19mpyRndSatTable
003fea78    ffa9 (003fea40)     _IQ18mpyRndSatTable

003fea84    ffaa (003fea80)     _IQ17mpyRndSatTable
003fea90    ffaa (003fea80)     _IQ16mpyRndSatTable
003fea9c    ffaa (003fea80)     _IQ15mpyRndSatTable
003feaa8    ffaa (003fea80)     _IQ14mpyRndSatTable
003feab4    ffaa (003fea80)     _IQ13mpyRndSatTable

003feac0    ffab (003feac0)     _IQ12mpyRndSatTable
003feacc    ffab (003feac0)     _IQ11mpyRndSatTable
003fead8    ffab (003feac0)     _IQ10mpyRndSatTable
003feae4    ffab (003feac0)     _IQ9mpyRndSatTable
003feaf0    ffab (003feac0)     _IQ8mpyRndSatTable
003feafc    ffab (003feac0)     _IQ7mpyRndSatTable

003feb08    ffac (003feb00)     _IQ6mpyRndSatTable
003feb14    ffac (003feb00)     _IQ5mpyRndSatTable
003feb20    ffac (003feb00)     _IQ4mpyRndSatTable
003feb2c    ffac (003feb00)     _IQ3mpyRndSatTable
003feb38    ffac (003feb00)     _IQ2mpyRndSatTable

003feb44    ffad (003feb40)     _IQ1mpyRndSatTable
003feb50    ffad (003feb40)     _IQmpyRndSatTableEnd


GLOBAL SYMBOLS: SORTED ALPHABETICALLY BY Name 

address    name
--------   ----
ffffffff   .text
003f21b9   C$$EXIT
003f7ed9   FD$$MPY
003f2181   FD$$TOL
003f21e9   U$$DIV
003f21ee   U$$MOD
003f21d2   U$$TOFD
003f7352   _ADC_disable
003f7362   _ADC_disableBandGap
003f7372   _ADC_disableInt
003f7392   _ADC_disableRefBuffers
003f73a2   _ADC_disableTempSensor
003f73b2   _ADC_enable
003f73c2   _ADC_enableBandGap
003f73d2   _ADC_enableInt
003f73f3   _ADC_enableRefBuffers
003f7403   _ADC_enableTempSensor
003f7413   _ADC_init
003f7421   _ADC_powerDown
003f7431   _ADC_powerUp
003f7441   _ADC_reset
003f7451   _ADC_setIntMode
003f7480   _ADC_setIntPulseGenMode
003f7498   _ADC_setIntSrc
003f74c7   _ADC_setSampleMode
003f74e5   _ADC_setSocChanNumber
003f7504   _ADC_setSocSampleWindow
003f7523   _ADC_setSocTrigSrc
003f7542   _ADC_setVoltRefSrc
003f7b60   _CAP_disableCaptureLoad
003f7b74   _CAP_disableInt
003f7b6a   _CAP_disableSyncIn
003f7b80   _CAP_disableTimestampCounter
003f7b8a   _CAP_enableCaptureLoad
003f7b94   _CAP_enableInt
003f7b9f   _CAP_enableSyncIn
003f7ba9   _CAP_enableTimestampCounter
003f7b53   _CAP_init
003f7be7   _CAP_setCapContinuous
003f7bb3   _CAP_setCapEvtPolarity
003f7bcc   _CAP_setCapEvtReset
003f7bf1   _CAP_setCapOneShot
003f7c05   _CAP_setModeApwm
003f7bfb   _CAP_setModeCap
003f7c0f   _CAP_setStopWrap
003f7c1e   _CAP_setSyncOut
003f6efa   _CLK_disableAdcClock
003f6f07   _CLK_disableClkIn
003f6f13   _CLK_disableCompClock
003f6f1f   _CLK_disableCpuTimerClock
003f6f2e   _CLK_disableCrystalOsc
003f6f3a   _CLK_disableEcap1Clock
003f6f47   _CLK_disableGpioInputClock
003f6f54   _CLK_disableHrPwmClock
003f6f61   _CLK_disableI2cClock
003f6f6e   _CLK_disableOsc1
003f6f7a   _CLK_disableOsc1HaltMode
003f6f86   _CLK_disableOsc2
003f6f92   _CLK_disableOsc2HaltMode
003f6f9e   _CLK_disablePwmClock
003f6faf   _CLK_disableSciaClock
003f6fbe   _CLK_disableSpiaClock
003f6fcb   _CLK_disableTbClockSync
003f6fd8   _CLK_disableWatchDogHaltMode
003f6fe4   _CLK_enableAdcClock
003f7026   _CLK_enableClkIn
003f6ff1   _CLK_enableCompClock
003f6fff   _CLK_enableCpuTimerClock
003f700d   _CLK_enableCrystalOsc
003f7019   _CLK_enableEcap1Clock
003f7032   _CLK_enableGpioInputClock
003f703f   _CLK_enableHrPwmClock
003f704c   _CLK_enableI2cClock
003f7059   _CLK_enableOsc1
003f7065   _CLK_enableOsc1HaltMode
003f7071   _CLK_enableOsc2
003f707d   _CLK_enableOsc2HaltMode
003f7089   _CLK_enablePwmClock
003f7099   _CLK_enableSciaClock
003f70a8   _CLK_enableSpiaClock
003f70b5   _CLK_enableTbClockSync
003f70c2   _CLK_enableWatchDogHaltMode
003f70ce   _CLK_init
003f70db   _CLK_setClkOutPreScaler
003f70eb   _CLK_setLowSpdPreScaler
003f7109   _CLK_setOsc2Src
003f70f9   _CLK_setOscSrc
003f7119   _CLK_setTimer2PreScale
003f7129   _CLK_setTimer2Src
003f7139   _CLK_setWatchDogSrc
003f2080   _CPU_clearIntFlags
003f2086   _CPU_disableDebugInt
003f208c   _CPU_disableGlobalInts
003f2092   _CPU_disableInt
003f209b   _CPU_disableInts
003f20a1   _CPU_disableProtectedRegisterWrite
003f20a7   _CPU_enableDebugInt
003f20ad   _CPU_enableGlobalInts
003f20b3   _CPU_enableInt
003f20bb   _CPU_enableProtectedRegisterWrite
003f20c1   _CPU_init
003f718f   _Delay
003f7210   _DisplayTimer
003f755a   _GPIO_getData
003f7574   _GPIO_getPortData
003f7588   _GPIO_init
003f7749   _GPIO_lpmSelect
003f7595   _GPIO_setDirection
003f760d   _GPIO_setExtInt
003f7620   _GPIO_setHigh
003f763e   _GPIO_setLow
003f765c   _GPIO_setMode
003f76ae   _GPIO_setPortData
003f75d1   _GPIO_setPullUp
003f76c6   _GPIO_setQualification
003f76fb   _GPIO_setQualificationPeriod
003f772b   _GPIO_toggle
00008802   _HalfSecond
0000880a   _Hour
003fead8   _IQ10mpyRndSatTable
003feacc   _IQ11mpyRndSatTable
003feac0   _IQ12mpyRndSatTable
003feab4   _IQ13mpyRndSatTable
003feaa8   _IQ14mpyRndSatTable
003fea9c   _IQ15mpyRndSatTable
003fea90   _IQ16mpyRndSatTable
003fea84   _IQ17mpyRndSatTable
003fea78   _IQ18mpyRndSatTable
003fea6c   _IQ19mpyRndSatTable
003feb44   _IQ1mpyRndSatTable
003fea60   _IQ20mpyRndSatTable
003fea54   _IQ21mpyRndSatTable
003fea48   _IQ22mpyRndSatTable
003fea3c   _IQ23mpyRndSatTable
003fea30   _IQ24mpyRndSatTable
003fea24   _IQ25mpyRndSatTable
003fea18   _IQ26mpyRndSatTable
003fea0c   _IQ27mpyRndSatTable
003fea00   _IQ28mpyRndSatTable
003fe9f4   _IQ29mpyRndSatTable
003feb38   _IQ2mpyRndSatTable
003fe9e8   _IQ30mpyRndSatTable
003feb2c   _IQ3mpyRndSatTable
003feb20   _IQ4mpyRndSatTable
003feb14   _IQ5mpyRndSatTable
003feb08   _IQ6mpyRndSatTable
003feafc   _IQ7mpyRndSatTable
003feaf0   _IQ8mpyRndSatTable
003feae4   _IQ9mpyRndSatTable
003fe824   _IQatan2HalfPITable
003fe862   _IQatan2Table
003fe9e8   _IQatan2TableEnd
003fe100   _IQcosTable
003fe502   _IQcosTableEnd
003fe502   _IQdivRoundSatTable
003fe510   _IQdivTable
003fe712   _IQdivTableEnd
003fe712   _IQisqrtRoundSatTable
003fe722   _IQisqrtTable
003fe824   _IQisqrtTableEnd
003fe9e8   _IQmpyRndSatTable
003feb50   _IQmpyRndSatTableEnd
003fe000   _IQsinTable
003fe400   _IQsinTableEnd
003fe712   _IQsqrtRoundSatTable
003fe722   _IQsqrtTable
003fe824   _IQsqrtTableEnd
000088c0   _Image
003f7943   _KEY_XINT_isr
003f717e   _LED_Control
003f799d   _LED_EPWM1_isr
003f7f69   _LED_GPIO_config
003f7f65   _LED_GPIO_initial
003f71a0   _LED_KEY_Control
00008803   _Minute
003f6a96   _OLED_clearDisp
003f6c56   _OLED_clearImage
003f6933   _OLED_config
003f69f8   _OLED_delay
003f6a31   _OLED_fullShow
003f6918   _OLED_initial
003f6a82   _OLED_setXY
003f6acb   _OLED_show16x16
003f6a9a   _OLED_show8x16
003f6c71   _OLED_showImage
003f6b84   _OLED_showImage16x16
003f6b2c   _OLED_showImage8x16
003f6afc   _OLED_showImage8x8
003f6bdc   _OLED_showLine
003f6c34   _OLED_showPixel
003f6a01   _OLED_writeCommand
003f6a52   _OLED_writeData
003f7759   _PIE_clearAllFlags
003f776d   _PIE_clearAllInts
003f7776   _PIE_disable
003f779a   _PIE_disableAllInts
003f777f   _PIE_disableCaptureInt
003f7789   _PIE_disableExtInt
003f77ae   _PIE_disableInt
003f77c0   _PIE_enable
003f77c9   _PIE_enableAdcInt
003f77e5   _PIE_enableCaptureInt
003f77ef   _PIE_enableExtInt
003f7816   _PIE_enableInt
003f7827   _PIE_enablePwmInt
003f783c   _PIE_enablePwmTzInt
003f7851   _PIE_enableTimer0Int
003f785b   _PIE_forceInt
003f786c   _PIE_getExtIntCount
003f787c   _PIE_getIntEnables
003f788a   _PIE_getIntFlags
003f2205   _PIE_illegalIsr
003f7898   _PIE_init
003f78a6   _PIE_registerPieIntHandler
003f78c3   _PIE_registerSystemIntHandler
003f78d9   _PIE_setDefaultIntVectorTable
003f78f4   _PIE_setExtIntPolarity
003f7910   _PIE_unregisterPieIntHandler
003f792d   _PIE_unregisterSystemIntHandler
003f7a68   _PLL_disable
003f7a74   _PLL_disableClkDetect
003f7a80   _PLL_disableNormRdy
003f7a8c   _PLL_disableOsc
003f7a98   _PLL_enable
003f7aa4   _PLL_enableClkDetect
003f7ab0   _PLL_enableNormRdy
003f7abc   _PLL_enableOsc
003f7ad3   _PLL_getClkStatus
003f7add   _PLL_getDivider
003f7ae7   _PLL_getLockStatus
003f7ac8   _PLL_getMultiplier
003f7af1   _PLL_init
003f7afe   _PLL_resetClkDetect
003f7b18   _PLL_setDivider
003f7b46   _PLL_setLockPeriod
003f7b0a   _PLL_setMultiplier
003f7b28   _PLL_setup
003f6334   _PWM_clearTripZone
003f6342   _PWM_decrementDeadBandFallingEdgeDelay
003f634b   _PWM_decrementDeadBandRisingEdgeDelay
003f6354   _PWM_disableAutoConvert
003f6361   _PWM_disableChopping
003f636b   _PWM_disableCounterLoad
003f6374   _PWM_disableDeadBand
003f637d   _PWM_disableDeadBandHalfCycle
003f6387   _PWM_disableDigitalCompareBlankingWindow
003f6394   _PWM_disableDigitalCompareBlankingWindowInversion
003f63a1   _PWM_disableHrPeriod
003f63ae   _PWM_disableHrPhaseSync
003f63bb   _PWM_disableInt
003f63c5   _PWM_disableSocAPulse
003f63cf   _PWM_disableSocBPulse
003f63e5   _PWM_disableTripZoneInt
003f63f4   _PWM_disableTripZoneSrc
003f63d9   _PWM_disableTripZones
003f6403   _PWM_enableAutoConvert
003f6410   _PWM_enableChopping
003f641a   _PWM_enableCounterLoad
003f6423   _PWM_enableDeadBandHalfCycle
003f642d   _PWM_enableDigitalCompareBlankingWindow
003f643a   _PWM_enableDigitalCompareBlankingWindowInversion
003f6447   _PWM_enableHrPeriod
003f645e   _PWM_enableHrPhaseSync
003f6454   _PWM_enableInt
003f646b   _PWM_enableSocAPulse
003f6475   _PWM_enableSocBPulse
003f647f   _PWM_enableTripZoneInt
003f648d   _PWM_enableTripZoneSrc
003f649b   _PWM_getDeadBandFallingEdgeDelay
003f64a4   _PWM_getDeadBandRisingEdgeDelay
003f64ad   _PWM_getIntCount
003f64d2   _PWM_getShadowStatus_CmpA
003f64de   _PWM_getShadowStatus_CmpB
003f64b8   _PWM_getSocACount
003f64c5   _PWM_getSocBCount
003f6520   _PWM_incrementDeadBandFallingEdgeDelay
003f6529   _PWM_incrementDeadBandRisingEdgeDelay
003f6532   _PWM_init
003f653f   _PWM_setActionQual_CntDown_CmpA_PwmA
003f654f   _PWM_setActionQual_CntDown_CmpA_PwmB
003f655f   _PWM_setActionQual_CntDown_CmpB_PwmA
003f656f   _PWM_setActionQual_CntDown_CmpB_PwmB
003f657f   _PWM_setActionQual_CntUp_CmpA_PwmA
003f658f   _PWM_setActionQual_CntUp_CmpA_PwmB
003f659f   _PWM_setActionQual_CntUp_CmpB_PwmA
003f65af   _PWM_setActionQual_CntUp_CmpB_PwmB
003f65bf   _PWM_setActionQual_Period_PwmA
003f65cf   _PWM_setActionQual_Period_PwmB
003f65df   _PWM_setActionQual_Zero_PwmA
003f65ee   _PWM_setActionQual_Zero_PwmB
003f65fd   _PWM_setChoppingClkFreq
003f660c   _PWM_setChoppingDutyCycle
003f661b   _PWM_setChoppingPulseWidth
003f662a   _PWM_setClkDiv
003f6637   _PWM_setCount
003f6641   _PWM_setCounterMode
003f664e   _PWM_setDeadBandFallingEdgeDelay
003f6659   _PWM_setDeadBandInputMode
003f6668   _PWM_setDeadBandOutputMode
003f6677   _PWM_setDeadBandPolarity
003f6686   _PWM_setDeadBandRisingEdgeDelay
003f66e4   _PWM_setDigitalCompareAEvent1
003f6706   _PWM_setDigitalCompareAEvent2
003f6720   _PWM_setDigitalCompareBEvent1
003f6742   _PWM_setDigitalCompareBEvent2
003f66a3   _PWM_setDigitalCompareBlankingPulse
003f66b6   _PWM_setDigitalCompareFilterOffset
003f6691   _PWM_setDigitalCompareFilterSource
003f66c1   _PWM_setDigitalCompareFilterWindow
003f66cc   _PWM_setDigitalCompareInput
003f675c   _PWM_setHighSpeedClkDiv
003f64ea   _PWM_setHrControlMode
003f64fc   _PWM_setHrEdgeMode
003f650e   _PWM_setHrShadowMode
003f6769   _PWM_setIntMode
003f6778   _PWM_setIntPeriod
003f6787   _PWM_setLoadMode_CmpA
003f6794   _PWM_setLoadMode_CmpB
003f67a2   _PWM_setPeriod
003f67ac   _PWM_setPeriodHr
003f67d0   _PWM_setPeriodLoad
003f67b9   _PWM_setPhase
003f67c3   _PWM_setPhaseDir
003f67dd   _PWM_setRunMode
003f682a   _PWM_setShadowMode_CmpA
003f6838   _PWM_setShadowMode_CmpB
003f67ea   _PWM_setSocAPeriod
003f67fa   _PWM_setSocAPulseSrc
003f680a   _PWM_setSocBPeriod
003f681a   _PWM_setSocBPulseSrc
003f6846   _PWM_setSwSync
003f684f   _PWM_setSyncMode
003f685c   _PWM_setTripZoneDCEventSelect_DCAEVT1
003f686e   _PWM_setTripZoneDCEventSelect_DCAEVT2
003f6881   _PWM_setTripZoneDCEventSelect_DCBEVT1
003f6894   _PWM_setTripZoneDCEventSelect_DCBEVT2
003f68a7   _PWM_setTripZoneState_DCAEVT1
003f68ba   _PWM_setTripZoneState_DCAEVT2
003f68cd   _PWM_setTripZoneState_DCBEVT1
003f68e0   _PWM_setTripZoneState_DCBEVT2
003f68f3   _PWM_setTripZoneState_TZA
003f6905   _PWM_setTripZoneState_TZB
00000000   _RamfuncsLoadSize
00008000   _RamfuncsLoadStart
00008000   _RamfuncsRunStart
003f71c2   _SCI_ExchageData
003f71ad   _SCI_Test
003f71bb   _SCI_Test1
003f6cb2   _SCI_clearAutoBaudDetect
003f6cc6   _SCI_clearRxFifoInt
003f6cbc   _SCI_clearRxFifoOvf
003f6cd0   _SCI_clearTxFifoInt
003f6cda   _SCI_disable
003f6ce3   _SCI_disableAutoBaudAlign
003f6d36   _SCI_disableFifoEnh
003f6ced   _SCI_disableLoopBack
003f6cf6   _SCI_disableParity
003f6cff   _SCI_disableRx
003f6d08   _SCI_disableRxErrorInt
003f6d11   _SCI_disableRxFifoInt
003f6d1b   _SCI_disableRxInt
003f6d24   _SCI_disableSleep
003f6d2d   _SCI_disableTx
003f6d40   _SCI_disableTxFifoInt
003f6d4a   _SCI_disableTxInt
003f6d53   _SCI_disableTxWake
003f6d5c   _SCI_enable
003f6d65   _SCI_enableAutoBaudAlign
003f6db8   _SCI_enableFifoEnh
003f6d6f   _SCI_enableLoopBack
003f6d78   _SCI_enableParity
003f6d81   _SCI_enableRx
003f6d8a   _SCI_enableRxErrorInt
003f6da5   _SCI_enableRxFifoInt
003f6d93   _SCI_enableRxInt
003f6d9c   _SCI_enableSleep
003f6daf   _SCI_enableTx
003f6dc2   _SCI_enableTxFifoInt
003f6dcc   _SCI_enableTxInt
003f6dd5   _SCI_enableTxWake
003f6dde   _SCI_getDataBlocking
003f6deb   _SCI_getDataNonBlocking
003f6e00   _SCI_getRxFifoStatus
003f6e0b   _SCI_getTxFifoStatus
003f6e16   _SCI_init
003f6e23   _SCI_putDataBlocking
003f6e33   _SCI_putDataNonBlocking
003f6e46   _SCI_reset
003f6e4f   _SCI_resetChannels
003f6e5f   _SCI_resetRxFifo
003f6e6f   _SCI_resetTxFifo
003f6e7f   _SCI_setBaudRate
003f6e8e   _SCI_setCharLength
003f6e9b   _SCI_setMode
003f6ea8   _SCI_setNumStopBits
003f6ec0   _SCI_setParity
003f6eb5   _SCI_setPriority
003f6edc   _SCI_setRxFifoIntLevel
003f6ecd   _SCI_setTxDelay
003f6eeb   _SCI_setTxFifoIntLevel
00008880   _SciReceiveBuf
00008807   _SciReceivePoint
00008806   _SciReceivedOk
00008840   _SciSendBuf
00008809   _SciSendPoint
00008805   _SciSentOk
00008804   _Second
003f7e3a   _SystemINT_start
003f7da2   _System_config
003f7da1   _System_initial
003f7cfe   _TIMER_clearFlag
003f7d09   _TIMER_disableInt
003f7d12   _TIMER_enableInt
003f7d1b   _TIMER_getStatus
003f7d26   _TIMER_init
003f7d33   _TIMER_reload
003f7d3c   _TIMER_setDecimationFactor
003f7d56   _TIMER_setEmulationMode
003f7d65   _TIMER_setPeriod
003f7d6f   _TIMER_setPreScaler
003f7d8f   _TIMER_start
003f7d98   _TIMER_stop
00008801   _Temp
00008808   _TempC
003f7e40   _WDOG_clearCounter
003f7e4f   _WDOG_disable
003f7e61   _WDOG_disableInt
003f7e6d   _WDOG_disableOverRide
003f7e79   _WDOG_enable
003f7e8b   _WDOG_enableInt
003f7e97   _WDOG_enableOverRide
003f7ea3   _WDOG_getIntStatus
003f7ead   _WDOG_init
003f7eba   _WDOG_setCount
003f7ec4   _WDOG_setPreScaler
003f6305   __IQ20cos
003f62d4   __IQ20sin
00000350   __STACK_END
00000300   __STACK_SIZE
00000001   __TI_args_main
00008b44   ___TI_cleanup_ptr
00008b46   ___TI_dtors_ptr
ffffffff   ___binit__
ffffffff   ___c_args__
003f220a   ___cinit__
ffffffff   ___etext__
ffffffff   ___pinit__
ffffffff   ___text__
003f21a0   __args_main
00008b42   __lock
003f21fc   __nop
003f21f8   __register_lock
003f21f4   __register_unlock
00000050   __stack
00008b40   __unlock
003f21b9   _abort
003f2117   _c_int00
00008b4c   _cpu
00008b48   _deviceOpen
003f21bb   _exit
00008b4a   _ioSci
003f215b   _main
0000881a   _myAdc
003f79cc   _myAdc_ADCINT_isr
00008818   _myCap
00008816   _myClk
00008800   _myCmpA
00008812   _myCpu
0000880e   _myGpio
0000880c   _myPie
00008814   _myPll
0000881e   _myPwm1
0000881c   _myPwm2
003f7cbb   _mySCI_RXINT_config
003f7a33   _mySCI_RXINT_isr
003f7c9e   _mySCI_TXINT_config
003f7a01   _mySCI_TXINT_isr
003f7c49   _mySCI_config
003f7c3c   _mySCI_initial
003f7ce7   _mySCI_receiveMessageBlocking
003f7cd8   _mySCI_sendMessageBlocking
00008820   _mySci
00008822   _myTimer0
003f795e   _myTimer_CpuTimer0_isr
003f20dd   _myTimer_INT_config
003f20dc   _myTimer_config
003f20cd   _myTimer_initial
00008810   _myWDog
00008ac0   _show_16x16
003f6000   _show_8x16
003f6260   _show_8x8
ffffffff   binit
003f220a   cinit
003f7ff6   code_start
ffffffff   etext
ffffffff   pinit


GLOBAL SYMBOLS: SORTED BY Symbol Address 

address    name
--------   ----
00000000   _RamfuncsLoadSize
00000001   __TI_args_main
00000050   __stack
00000300   __STACK_SIZE
00000350   __STACK_END
00008000   _RamfuncsLoadStart
00008000   _RamfuncsRunStart
00008800   _myCmpA
00008801   _Temp
00008802   _HalfSecond
00008803   _Minute
00008804   _Second
00008805   _SciSentOk
00008806   _SciReceivedOk
00008807   _SciReceivePoint
00008808   _TempC
00008809   _SciSendPoint
0000880a   _Hour
0000880c   _myPie
0000880e   _myGpio
00008810   _myWDog
00008812   _myCpu
00008814   _myPll
00008816   _myClk
00008818   _myCap
0000881a   _myAdc
0000881c   _myPwm2
0000881e   _myPwm1
00008820   _mySci
00008822   _myTimer0
00008840   _SciSendBuf
00008880   _SciReceiveBuf
000088c0   _Image
00008ac0   _show_16x16
00008b40   __unlock
00008b42   __lock
00008b44   ___TI_cleanup_ptr
00008b46   ___TI_dtors_ptr
00008b48   _deviceOpen
00008b4a   _ioSci
00008b4c   _cpu
003f2080   _CPU_clearIntFlags
003f2086   _CPU_disableDebugInt
003f208c   _CPU_disableGlobalInts
003f2092   _CPU_disableInt
003f209b   _CPU_disableInts
003f20a1   _CPU_disableProtectedRegisterWrite
003f20a7   _CPU_enableDebugInt
003f20ad   _CPU_enableGlobalInts
003f20b3   _CPU_enableInt
003f20bb   _CPU_enableProtectedRegisterWrite
003f20c1   _CPU_init
003f20cd   _myTimer_initial
003f20dc   _myTimer_config
003f20dd   _myTimer_INT_config
003f2117   _c_int00
003f215b   _main
003f2181   FD$$TOL
003f21a0   __args_main
003f21b9   C$$EXIT
003f21b9   _abort
003f21bb   _exit
003f21d2   U$$TOFD
003f21e9   U$$DIV
003f21ee   U$$MOD
003f21f4   __register_unlock
003f21f8   __register_lock
003f21fc   __nop
003f2205   _PIE_illegalIsr
003f220a   ___cinit__
003f220a   cinit
003f6000   _show_8x16
003f6260   _show_8x8
003f62d4   __IQ20sin
003f6305   __IQ20cos
003f6334   _PWM_clearTripZone
003f6342   _PWM_decrementDeadBandFallingEdgeDelay
003f634b   _PWM_decrementDeadBandRisingEdgeDelay
003f6354   _PWM_disableAutoConvert
003f6361   _PWM_disableChopping
003f636b   _PWM_disableCounterLoad
003f6374   _PWM_disableDeadBand
003f637d   _PWM_disableDeadBandHalfCycle
003f6387   _PWM_disableDigitalCompareBlankingWindow
003f6394   _PWM_disableDigitalCompareBlankingWindowInversion
003f63a1   _PWM_disableHrPeriod
003f63ae   _PWM_disableHrPhaseSync
003f63bb   _PWM_disableInt
003f63c5   _PWM_disableSocAPulse
003f63cf   _PWM_disableSocBPulse
003f63d9   _PWM_disableTripZones
003f63e5   _PWM_disableTripZoneInt
003f63f4   _PWM_disableTripZoneSrc
003f6403   _PWM_enableAutoConvert
003f6410   _PWM_enableChopping
003f641a   _PWM_enableCounterLoad
003f6423   _PWM_enableDeadBandHalfCycle
003f642d   _PWM_enableDigitalCompareBlankingWindow
003f643a   _PWM_enableDigitalCompareBlankingWindowInversion
003f6447   _PWM_enableHrPeriod
003f6454   _PWM_enableInt
003f645e   _PWM_enableHrPhaseSync
003f646b   _PWM_enableSocAPulse
003f6475   _PWM_enableSocBPulse
003f647f   _PWM_enableTripZoneInt
003f648d   _PWM_enableTripZoneSrc
003f649b   _PWM_getDeadBandFallingEdgeDelay
003f64a4   _PWM_getDeadBandRisingEdgeDelay
003f64ad   _PWM_getIntCount
003f64b8   _PWM_getSocACount
003f64c5   _PWM_getSocBCount
003f64d2   _PWM_getShadowStatus_CmpA
003f64de   _PWM_getShadowStatus_CmpB
003f64ea   _PWM_setHrControlMode
003f64fc   _PWM_setHrEdgeMode
003f650e   _PWM_setHrShadowMode
003f6520   _PWM_incrementDeadBandFallingEdgeDelay
003f6529   _PWM_incrementDeadBandRisingEdgeDelay
003f6532   _PWM_init
003f653f   _PWM_setActionQual_CntDown_CmpA_PwmA
003f654f   _PWM_setActionQual_CntDown_CmpA_PwmB
003f655f   _PWM_setActionQual_CntDown_CmpB_PwmA
003f656f   _PWM_setActionQual_CntDown_CmpB_PwmB
003f657f   _PWM_setActionQual_CntUp_CmpA_PwmA
003f658f   _PWM_setActionQual_CntUp_CmpA_PwmB
003f659f   _PWM_setActionQual_CntUp_CmpB_PwmA
003f65af   _PWM_setActionQual_CntUp_CmpB_PwmB
003f65bf   _PWM_setActionQual_Period_PwmA
003f65cf   _PWM_setActionQual_Period_PwmB
003f65df   _PWM_setActionQual_Zero_PwmA
003f65ee   _PWM_setActionQual_Zero_PwmB
003f65fd   _PWM_setChoppingClkFreq
003f660c   _PWM_setChoppingDutyCycle
003f661b   _PWM_setChoppingPulseWidth
003f662a   _PWM_setClkDiv
003f6637   _PWM_setCount
003f6641   _PWM_setCounterMode
003f664e   _PWM_setDeadBandFallingEdgeDelay
003f6659   _PWM_setDeadBandInputMode
003f6668   _PWM_setDeadBandOutputMode
003f6677   _PWM_setDeadBandPolarity
003f6686   _PWM_setDeadBandRisingEdgeDelay
003f6691   _PWM_setDigitalCompareFilterSource
003f66a3   _PWM_setDigitalCompareBlankingPulse
003f66b6   _PWM_setDigitalCompareFilterOffset
003f66c1   _PWM_setDigitalCompareFilterWindow
003f66cc   _PWM_setDigitalCompareInput
003f66e4   _PWM_setDigitalCompareAEvent1
003f6706   _PWM_setDigitalCompareAEvent2
003f6720   _PWM_setDigitalCompareBEvent1
003f6742   _PWM_setDigitalCompareBEvent2
003f675c   _PWM_setHighSpeedClkDiv
003f6769   _PWM_setIntMode
003f6778   _PWM_setIntPeriod
003f6787   _PWM_setLoadMode_CmpA
003f6794   _PWM_setLoadMode_CmpB
003f67a2   _PWM_setPeriod
003f67ac   _PWM_setPeriodHr
003f67b9   _PWM_setPhase
003f67c3   _PWM_setPhaseDir
003f67d0   _PWM_setPeriodLoad
003f67dd   _PWM_setRunMode
003f67ea   _PWM_setSocAPeriod
003f67fa   _PWM_setSocAPulseSrc
003f680a   _PWM_setSocBPeriod
003f681a   _PWM_setSocBPulseSrc
003f682a   _PWM_setShadowMode_CmpA
003f6838   _PWM_setShadowMode_CmpB
003f6846   _PWM_setSwSync
003f684f   _PWM_setSyncMode
003f685c   _PWM_setTripZoneDCEventSelect_DCAEVT1
003f686e   _PWM_setTripZoneDCEventSelect_DCAEVT2
003f6881   _PWM_setTripZoneDCEventSelect_DCBEVT1
003f6894   _PWM_setTripZoneDCEventSelect_DCBEVT2
003f68a7   _PWM_setTripZoneState_DCAEVT1
003f68ba   _PWM_setTripZoneState_DCAEVT2
003f68cd   _PWM_setTripZoneState_DCBEVT1
003f68e0   _PWM_setTripZoneState_DCBEVT2
003f68f3   _PWM_setTripZoneState_TZA
003f6905   _PWM_setTripZoneState_TZB
003f6918   _OLED_initial
003f6933   _OLED_config
003f69f8   _OLED_delay
003f6a01   _OLED_writeCommand
003f6a31   _OLED_fullShow
003f6a52   _OLED_writeData
003f6a82   _OLED_setXY
003f6a96   _OLED_clearDisp
003f6a9a   _OLED_show8x16
003f6acb   _OLED_show16x16
003f6afc   _OLED_showImage8x8
003f6b2c   _OLED_showImage8x16
003f6b84   _OLED_showImage16x16
003f6bdc   _OLED_showLine
003f6c34   _OLED_showPixel
003f6c56   _OLED_clearImage
003f6c71   _OLED_showImage
003f6cb2   _SCI_clearAutoBaudDetect
003f6cbc   _SCI_clearRxFifoOvf
003f6cc6   _SCI_clearRxFifoInt
003f6cd0   _SCI_clearTxFifoInt
003f6cda   _SCI_disable
003f6ce3   _SCI_disableAutoBaudAlign
003f6ced   _SCI_disableLoopBack
003f6cf6   _SCI_disableParity
003f6cff   _SCI_disableRx
003f6d08   _SCI_disableRxErrorInt
003f6d11   _SCI_disableRxFifoInt
003f6d1b   _SCI_disableRxInt
003f6d24   _SCI_disableSleep
003f6d2d   _SCI_disableTx
003f6d36   _SCI_disableFifoEnh
003f6d40   _SCI_disableTxFifoInt
003f6d4a   _SCI_disableTxInt
003f6d53   _SCI_disableTxWake
003f6d5c   _SCI_enable
003f6d65   _SCI_enableAutoBaudAlign
003f6d6f   _SCI_enableLoopBack
003f6d78   _SCI_enableParity
003f6d81   _SCI_enableRx
003f6d8a   _SCI_enableRxErrorInt
003f6d93   _SCI_enableRxInt
003f6d9c   _SCI_enableSleep
003f6da5   _SCI_enableRxFifoInt
003f6daf   _SCI_enableTx
003f6db8   _SCI_enableFifoEnh
003f6dc2   _SCI_enableTxFifoInt
003f6dcc   _SCI_enableTxInt
003f6dd5   _SCI_enableTxWake
003f6dde   _SCI_getDataBlocking
003f6deb   _SCI_getDataNonBlocking
003f6e00   _SCI_getRxFifoStatus
003f6e0b   _SCI_getTxFifoStatus
003f6e16   _SCI_init
003f6e23   _SCI_putDataBlocking
003f6e33   _SCI_putDataNonBlocking
003f6e46   _SCI_reset
003f6e4f   _SCI_resetChannels
003f6e5f   _SCI_resetRxFifo
003f6e6f   _SCI_resetTxFifo
003f6e7f   _SCI_setBaudRate
003f6e8e   _SCI_setCharLength
003f6e9b   _SCI_setMode
003f6ea8   _SCI_setNumStopBits
003f6eb5   _SCI_setPriority
003f6ec0   _SCI_setParity
003f6ecd   _SCI_setTxDelay
003f6edc   _SCI_setRxFifoIntLevel
003f6eeb   _SCI_setTxFifoIntLevel
003f6efa   _CLK_disableAdcClock
003f6f07   _CLK_disableClkIn
003f6f13   _CLK_disableCompClock
003f6f1f   _CLK_disableCpuTimerClock
003f6f2e   _CLK_disableCrystalOsc
003f6f3a   _CLK_disableEcap1Clock
003f6f47   _CLK_disableGpioInputClock
003f6f54   _CLK_disableHrPwmClock
003f6f61   _CLK_disableI2cClock
003f6f6e   _CLK_disableOsc1
003f6f7a   _CLK_disableOsc1HaltMode
003f6f86   _CLK_disableOsc2
003f6f92   _CLK_disableOsc2HaltMode
003f6f9e   _CLK_disablePwmClock
003f6faf   _CLK_disableSciaClock
003f6fbe   _CLK_disableSpiaClock
003f6fcb   _CLK_disableTbClockSync
003f6fd8   _CLK_disableWatchDogHaltMode
003f6fe4   _CLK_enableAdcClock
003f6ff1   _CLK_enableCompClock
003f6fff   _CLK_enableCpuTimerClock
003f700d   _CLK_enableCrystalOsc
003f7019   _CLK_enableEcap1Clock
003f7026   _CLK_enableClkIn
003f7032   _CLK_enableGpioInputClock
003f703f   _CLK_enableHrPwmClock
003f704c   _CLK_enableI2cClock
003f7059   _CLK_enableOsc1
003f7065   _CLK_enableOsc1HaltMode
003f7071   _CLK_enableOsc2
003f707d   _CLK_enableOsc2HaltMode
003f7089   _CLK_enablePwmClock
003f7099   _CLK_enableSciaClock
003f70a8   _CLK_enableSpiaClock
003f70b5   _CLK_enableTbClockSync
003f70c2   _CLK_enableWatchDogHaltMode
003f70ce   _CLK_init
003f70db   _CLK_setClkOutPreScaler
003f70eb   _CLK_setLowSpdPreScaler
003f70f9   _CLK_setOscSrc
003f7109   _CLK_setOsc2Src
003f7119   _CLK_setTimer2PreScale
003f7129   _CLK_setTimer2Src
003f7139   _CLK_setWatchDogSrc
003f717e   _LED_Control
003f718f   _Delay
003f71a0   _LED_KEY_Control
003f71ad   _SCI_Test
003f71bb   _SCI_Test1
003f71c2   _SCI_ExchageData
003f7210   _DisplayTimer
003f7352   _ADC_disable
003f7362   _ADC_disableBandGap
003f7372   _ADC_disableInt
003f7392   _ADC_disableRefBuffers
003f73a2   _ADC_disableTempSensor
003f73b2   _ADC_enable
003f73c2   _ADC_enableBandGap
003f73d2   _ADC_enableInt
003f73f3   _ADC_enableRefBuffers
003f7403   _ADC_enableTempSensor
003f7413   _ADC_init
003f7421   _ADC_powerDown
003f7431   _ADC_powerUp
003f7441   _ADC_reset
003f7451   _ADC_setIntMode
003f7480   _ADC_setIntPulseGenMode
003f7498   _ADC_setIntSrc
003f74c7   _ADC_setSampleMode
003f74e5   _ADC_setSocChanNumber
003f7504   _ADC_setSocSampleWindow
003f7523   _ADC_setSocTrigSrc
003f7542   _ADC_setVoltRefSrc
003f755a   _GPIO_getData
003f7574   _GPIO_getPortData
003f7588   _GPIO_init
003f7595   _GPIO_setDirection
003f75d1   _GPIO_setPullUp
003f760d   _GPIO_setExtInt
003f7620   _GPIO_setHigh
003f763e   _GPIO_setLow
003f765c   _GPIO_setMode
003f76ae   _GPIO_setPortData
003f76c6   _GPIO_setQualification
003f76fb   _GPIO_setQualificationPeriod
003f772b   _GPIO_toggle
003f7749   _GPIO_lpmSelect
003f7759   _PIE_clearAllFlags
003f776d   _PIE_clearAllInts
003f7776   _PIE_disable
003f777f   _PIE_disableCaptureInt
003f7789   _PIE_disableExtInt
003f779a   _PIE_disableAllInts
003f77ae   _PIE_disableInt
003f77c0   _PIE_enable
003f77c9   _PIE_enableAdcInt
003f77e5   _PIE_enableCaptureInt
003f77ef   _PIE_enableExtInt
003f7816   _PIE_enableInt
003f7827   _PIE_enablePwmInt
003f783c   _PIE_enablePwmTzInt
003f7851   _PIE_enableTimer0Int
003f785b   _PIE_forceInt
003f786c   _PIE_getExtIntCount
003f787c   _PIE_getIntEnables
003f788a   _PIE_getIntFlags
003f7898   _PIE_init
003f78a6   _PIE_registerPieIntHandler
003f78c3   _PIE_registerSystemIntHandler
003f78d9   _PIE_setDefaultIntVectorTable
003f78f4   _PIE_setExtIntPolarity
003f7910   _PIE_unregisterPieIntHandler
003f792d   _PIE_unregisterSystemIntHandler
003f7943   _KEY_XINT_isr
003f795e   _myTimer_CpuTimer0_isr
003f799d   _LED_EPWM1_isr
003f79cc   _myAdc_ADCINT_isr
003f7a01   _mySCI_TXINT_isr
003f7a33   _mySCI_RXINT_isr
003f7a68   _PLL_disable
003f7a74   _PLL_disableClkDetect
003f7a80   _PLL_disableNormRdy
003f7a8c   _PLL_disableOsc
003f7a98   _PLL_enable
003f7aa4   _PLL_enableClkDetect
003f7ab0   _PLL_enableNormRdy
003f7abc   _PLL_enableOsc
003f7ac8   _PLL_getMultiplier
003f7ad3   _PLL_getClkStatus
003f7add   _PLL_getDivider
003f7ae7   _PLL_getLockStatus
003f7af1   _PLL_init
003f7afe   _PLL_resetClkDetect
003f7b0a   _PLL_setMultiplier
003f7b18   _PLL_setDivider
003f7b28   _PLL_setup
003f7b46   _PLL_setLockPeriod
003f7b53   _CAP_init
003f7b60   _CAP_disableCaptureLoad
003f7b6a   _CAP_disableSyncIn
003f7b74   _CAP_disableInt
003f7b80   _CAP_disableTimestampCounter
003f7b8a   _CAP_enableCaptureLoad
003f7b94   _CAP_enableInt
003f7b9f   _CAP_enableSyncIn
003f7ba9   _CAP_enableTimestampCounter
003f7bb3   _CAP_setCapEvtPolarity
003f7bcc   _CAP_setCapEvtReset
003f7be7   _CAP_setCapContinuous
003f7bf1   _CAP_setCapOneShot
003f7bfb   _CAP_setModeCap
003f7c05   _CAP_setModeApwm
003f7c0f   _CAP_setStopWrap
003f7c1e   _CAP_setSyncOut
003f7c3c   _mySCI_initial
003f7c49   _mySCI_config
003f7c9e   _mySCI_TXINT_config
003f7cbb   _mySCI_RXINT_config
003f7cd8   _mySCI_sendMessageBlocking
003f7ce7   _mySCI_receiveMessageBlocking
003f7cfe   _TIMER_clearFlag
003f7d09   _TIMER_disableInt
003f7d12   _TIMER_enableInt
003f7d1b   _TIMER_getStatus
003f7d26   _TIMER_init
003f7d33   _TIMER_reload
003f7d3c   _TIMER_setDecimationFactor
003f7d56   _TIMER_setEmulationMode
003f7d65   _TIMER_setPeriod
003f7d6f   _TIMER_setPreScaler
003f7d8f   _TIMER_start
003f7d98   _TIMER_stop
003f7da1   _System_initial
003f7da2   _System_config
003f7e3a   _SystemINT_start
003f7e40   _WDOG_clearCounter
003f7e4f   _WDOG_disable
003f7e61   _WDOG_disableInt
003f7e6d   _WDOG_disableOverRide
003f7e79   _WDOG_enable
003f7e8b   _WDOG_enableInt
003f7e97   _WDOG_enableOverRide
003f7ea3   _WDOG_getIntStatus
003f7ead   _WDOG_init
003f7eba   _WDOG_setCount
003f7ec4   _WDOG_setPreScaler
003f7ed9   FD$$MPY
003f7f65   _LED_GPIO_initial
003f7f69   _LED_GPIO_config
003f7ff6   code_start
003fe000   _IQsinTable
003fe100   _IQcosTable
003fe400   _IQsinTableEnd
003fe502   _IQcosTableEnd
003fe502   _IQdivRoundSatTable
003fe510   _IQdivTable
003fe712   _IQdivTableEnd
003fe712   _IQisqrtRoundSatTable
003fe712   _IQsqrtRoundSatTable
003fe722   _IQisqrtTable
003fe722   _IQsqrtTable
003fe824   _IQatan2HalfPITable
003fe824   _IQisqrtTableEnd
003fe824   _IQsqrtTableEnd
003fe862   _IQatan2Table
003fe9e8   _IQ30mpyRndSatTable
003fe9e8   _IQatan2TableEnd
003fe9e8   _IQmpyRndSatTable
003fe9f4   _IQ29mpyRndSatTable
003fea00   _IQ28mpyRndSatTable
003fea0c   _IQ27mpyRndSatTable
003fea18   _IQ26mpyRndSatTable
003fea24   _IQ25mpyRndSatTable
003fea30   _IQ24mpyRndSatTable
003fea3c   _IQ23mpyRndSatTable
003fea48   _IQ22mpyRndSatTable
003fea54   _IQ21mpyRndSatTable
003fea60   _IQ20mpyRndSatTable
003fea6c   _IQ19mpyRndSatTable
003fea78   _IQ18mpyRndSatTable
003fea84   _IQ17mpyRndSatTable
003fea90   _IQ16mpyRndSatTable
003fea9c   _IQ15mpyRndSatTable
003feaa8   _IQ14mpyRndSatTable
003feab4   _IQ13mpyRndSatTable
003feac0   _IQ12mpyRndSatTable
003feacc   _IQ11mpyRndSatTable
003fead8   _IQ10mpyRndSatTable
003feae4   _IQ9mpyRndSatTable
003feaf0   _IQ8mpyRndSatTable
003feafc   _IQ7mpyRndSatTable
003feb08   _IQ6mpyRndSatTable
003feb14   _IQ5mpyRndSatTable
003feb20   _IQ4mpyRndSatTable
003feb2c   _IQ3mpyRndSatTable
003feb38   _IQ2mpyRndSatTable
003feb44   _IQ1mpyRndSatTable
003feb50   _IQmpyRndSatTableEnd
ffffffff   .text
ffffffff   ___binit__
ffffffff   ___c_args__
ffffffff   ___etext__
ffffffff   ___pinit__
ffffffff   ___text__
ffffffff   binit
ffffffff   etext
ffffffff   pinit

[496 symbols]
